################################################################################
#                                                                              #
#      IAR Universal Linker V6.6.0.102                                         #
#                                                                              #
#           Link time     =  13/Jan/2020  07:31:05                             #
#           Target CPU    =  A90                                               #
#           List file     =  C:\Firmware\cvavr312\EXAMPLES\AVR106\Debug\List\s #
#                            elfboot.map                                       #
#           Output file 1 =  C:\Firmware\cvavr312\EXAMPLES\AVR106\Debug\Exe\se #
#                            lfboot.d90                                        #
#                            Format: ubrof10                                   #
#                            UBROF version 10.0.6                              #
#                            Using library modules for C-SPY (-rt)             #
#           Command line  =  -f                                                #
#                            C:\Users\MARK~1.REZ\AppData\Local\Temp\EW81EB.tmp #
#                            (C:\Firmware\cvavr312\EXAMPLES\AVR106\Debug\Obj\S #
#                            elf_programming.r90                               #
#                            C:\Firmware\cvavr312\EXAMPLES\AVR106\Debug\Obj\Se #
#                            lf_programming_main.r90                           #
#                            -l                                                #
#                            C:\Firmware\cvavr312\EXAMPLES\AVR106\Debug\List\s #
#                            elfboot.map                                       #
#                            -xms                                              #
#                            "-IC:\Program Files (x86)\IAR Systems\Embedded Wo #
#                            rkbench 8.0\avr\LIB\"                             #
#                            -f                                                #
#                            C:\Firmware\cvavr312\EXAMPLES\AVR106\lnkm128s.xcl #
#                            (-D_..X_INTVEC_SIZE=8C -D_..X_FLASH_TEND=FF       #
#                            -D_..X_FLASH_NEND=FFFF -D_..X_FLASH_END=1FFFF     #
#                            -D_..X_SRAM_BASE=100 -D_..X_SRAM_TEND=100         #
#                            -D_..X_SRAM_END=10FF -D_..X_EEPROM_END=FFF        #
#                            -D_..X_CSTACK_SIZE=300 -D_..X_RSTACK_SIZE=40      #
#                            -D_..X_HEAP_SIZE=100                              #
#                            -D_..X_EXT_SRAM_BASE=_..X_SRAM_BASE               #
#                            -D_..X_EXT_SRAM_END=_..X_SRAM_END                 #
#                            -D_..X_EXT_EPROM_BASE=_..X_SRAM_BASE              #
#                            -D_..X_EXT_EPROM_END=_..X_SRAM_END                #
#                            -D_..X_EXT_EEPROM_BASE=_..X_SRAM_BASE             #
#                            -D_..X_EXT_EEPROM_END=_..X_SRAM_END -ca90         #
#                            -D_..X_BOOTSEC_SIZE=2000                          #
#                            -Z(CODE)INTVEC=(_..X_FLASH_END-_..X_BOOTSEC_SIZE+ #
#                            1)-(_..X_FLASH_END-_..X_BOOTSEC_SIZE+_..X_INTVEC_ #
#                            SIZE)                                             #
#                            -H1895                                            #
#                            -h(CODE)(_..X_FLASH_END-_..X_BOOTSEC_SIZE+1)-(_.. #
#                            X_FLASH_END-_..X_BOOTSEC_SIZE+_..X_INTVEC_SIZE)   #
#                            -Z(CODE)CODE,SWITCH=(_..X_FLASH_END-_..X_BOOTSEC_ #
#                            SIZE+_..X_INTVEC_SIZE+1)-_..X_FLASH_END           #
#                            -Z(FARCODE)FAR_F=(_..X_FLASH_END-_..X_BOOTSEC_SIZ #
#                            E+_..X_INTVEC_SIZE+1)-_..X_FLASH_END              #
#                            -Z(CODE)HUGE_F,INITTAB=(_..X_FLASH_END-_..X_BOOTS #
#                            EC_SIZE+_..X_INTVEC_SIZE+1)-_..X_FLASH_END        #
#                            -Z(CODE)TINY_ID,NEAR_ID,CHECKSUM=(_..X_FLASH_END- #
#                            _..X_BOOTSEC_SIZE+_..X_INTVEC_SIZE+1)-_..X_FLASH_ #
#                            END                                               #
#                            -Z(DATA)TINY_I,TINY_Z,TINY_N=_..X_SRAM_BASE-_..X_ #
#                            SRAM_TEND                                         #
#                            -Z(DATA)NEAR_I,NEAR_Z=_..X_SRAM_BASE-_..X_SRAM_EN #
#                            D,_..X_EXT_SRAM_BASE-_..X_EXT_SRAM_END            #
#                            -Z(DATA)RSTACK+_..X_RSTACK_SIZE=_..X_SRAM_BASE-_. #
#                            .X_SRAM_END                                       #
#                            -Z(DATA)CSTACK+_..X_CSTACK_SIZE=_..X_SRAM_BASE-_. #
#                            .X_SRAM_END                                       #
#                            -Z(DATA)HEAP+_..X_HEAP_SIZE=_..X_SRAM_BASE-_..X_S #
#                            RAM_END,_..X_EXT_SRAM_BASE-_..X_EXT_SRAM_END      #
#                            -Z(XDATA)EEPROM_I,EEPROM_N=0-_..X_EEPROM_END      #
#                            -Z(CONST)NEAR_C=_..X_EXT_EPROM_BASE-_..X_EXT_EPRO #
#                            M_END                                             #
#                            -Z(DATA)NEAR_N=_..X_EXT_EEPROM_BASE-_..X_EXT_EEPR #
#                            OM_END                                            #
#                            -e_Printf_1=_Printf                               #
#                            -e_small_write=_formatted_write                   #
#                            -e_small_write_P=_formatted_write_P               #
#                            -e_Scanf_1=_Scanf                                 #
#                            -e_medium_read=_formatted_read                    #
#                            -e_medium_read_P=_formatted_read_P -w29) -rt -s   #
#                            __program_start                                   #
#                            "C:\Program Files (x86)\IAR Systems\Embedded Work #
#                            bench 8.0\avr\LIB\DLIB\dlAVR-3s-ec_mul-n.r90"     #
#                            -o                                                #
#                            C:\Firmware\cvavr312\EXAMPLES\AVR106\Debug\Exe\se #
#                            lfboot.d90)                                       #
#                                                                              #
#                           Copyright (C) 1987-2018 IAR Systems AB.            #
################################################################################





                ****************************************
                *                                      *
                *           CROSS REFERENCE            *
                *                                      *
                ****************************************

       Program entry at : CODE      0001E452  Relocatable, from module : ?C_STARTUP




                ****************************************
                *                                      *
                *            RUNTIME MODEL             *
                *                                      *
                ****************************************

  EEPROM_SIZE                = 2
  R10                        = REG
  R11                        = REG
  R4                         = REG
  R5                         = REG
  R6                         = REG
  R7                         = REG
  R8                         = REG
  R9                         = REG
  __64bit_doubles            = disabled
  __Heap_Handler             = Basic
  __SystemLibrary            = DLib
  __cpu                      = 3
  __cpu_name                 = ATmega128
  __dlib_file_descriptor     = 0
  __dlib_full_locale_support = 0
  __enhanced_core            = enabled
  __has_elpm                 = true
  __memory_model             = 2
  __no_rampd                 = enabled
  __rt_version               = 3
  __tiny_avr                 = false
  __vtable_memory            = __nearflash

                ****************************************
                *                                      *
                *    AUTOMATIC SYMBOL REDIRECTIONS     *
                *                                      *
                ****************************************

                  There are no automatic symbol redirections.



                ****************************************
                *                                      *
                *              MODULE MAP              *
                *                                      *
                ****************************************


  DEFINED ABSOLUTE ENTRIES
  PROGRAM MODULE, NAME : ?ABS_ENTRY_MOD

Absolute parts
           ENTRY                   ADDRESS         REF BY
           =====                   =======         ======
           _..X_BOOTSEC_SIZE       00002000 
           _..X_EXT_EEPROM_END     000010FF 
           _..X_EXT_EEPROM_BASE    00000100 
           _..X_EXT_EPROM_END      000010FF 
           _..X_EXT_EPROM_BASE     00000100 
           _..X_EXT_SRAM_END       000010FF 
           _..X_EXT_SRAM_BASE      00000100 
           _..X_HEAP_SIZE          00000100 
           _..X_RSTACK_SIZE        00000040 
           _..X_CSTACK_SIZE        00000300 
           _..X_EEPROM_END         00000FFF 
           _..X_SRAM_END           000010FF 
           _..X_SRAM_TEND          00000100 
           _..X_SRAM_BASE          00000100 
           _..X_FLASH_END          0001FFFF 
           _..X_FLASH_NEND         0000FFFF 
           _..X_FLASH_TEND         000000FF 
           _..X_INTVEC_SIZE        0000008C 
    *************************************************************************

  FILE NAME : C:\Firmware\cvavr312\EXAMPLES\AVR106\Debug\Obj\Self_programming.r90
  PROGRAM MODULE, NAME : Self_programming

  SEGMENTS IN THE MODULE
  ======================
ABSOLUTE
  Relative segment, address: DATA 0000003C - 0000003C (0x1 bytes), align: 0
  Segment part 1. ROOT        Intra module refs:   RecoverFlash
                                                   WriteFlashByte
                                                   WriteFlashPage
           ENTRY                   ADDRESS         REF BY
           =====                   =======         ======
           _A_EECR                 0000003C 
           LOCAL                   ADDRESS         
           =====                   =======         
           EECR                    0000003C 
    -------------------------------------------------------------------------
ABSOLUTE
  Relative segment, address: DATA 0000005B - 0000005B (0x1 bytes), align: 0
  Segment part 2. ROOT        Intra module refs:   WriteBufToFlash
           ENTRY                   ADDRESS         REF BY
           =====                   =======         ======
           _A_RAMPZ                0000005B 
           LOCAL                   ADDRESS         
           =====                   =======         
           RAMPZ                   0000005B 
    -------------------------------------------------------------------------
ABSOLUTE
  Relative segment, address: DATA 00000068 - 00000068 (0x1 bytes), align: 0
  Segment part 3. ROOT        Intra module refs:   WriteBufToFlash
           ENTRY                   ADDRESS         REF BY
           =====                   =======         ======
           _A_SPMCSR               00000068 
           LOCAL                   ADDRESS         
           =====                   =======         
           SPMCSR                  00000068 
    -------------------------------------------------------------------------
EEPROM_I
  Relative segment, address: XDATA 00000000 - 00000002 (0x3 bytes), align: 0
  Segment part 10.            Intra module refs:   RecoverFlash
                                                   WriteFlashByte
                                                   WriteFlashPage
           ENTRY                   ADDRESS         REF BY
           =====                   =======         ======
           FlashBackup             00000000 
    -------------------------------------------------------------------------
CODE
  Relative segment, address: CODE 0001E08C - 0001E095 (0xa bytes), align: 1
  Segment part 11.            Intra module refs:   ReadFlashPage
           ENTRY                   ADDRESS         REF BY
           =====                   =======         ======
           ReadFlashByte           0001E08C        main (Self_programming_main)
    -------------------------------------------------------------------------
CODE
  Relative segment, address: CODE 0001E096 - 0001E0DB (0x46 bytes), align: 1
  Segment part 12.
           ENTRY                   ADDRESS         REF BY
           =====                   =======         ======
           ReadFlashPage           0001E096        main (Self_programming_main)
               calls direct
    -------------------------------------------------------------------------
CODE
  Relative segment, address: CODE 0001E0DC - 0001E117 (0x3c bytes), align: 1
  Segment part 13.            Intra module refs:   RecoverFlash
                                                   WriteFlashByte
                                                   WriteFlashPage
           ENTRY                   ADDRESS         REF BY
           =====                   =======         ======
           WriteBufToFlash         0001E0DC 
    -------------------------------------------------------------------------
CODE
  Relative segment, address: CODE 0001E118 - 0001E1CD (0xb6 bytes), align: 1
  Segment part 14.            Intra module refs:   WriteFlashByte
           ENTRY                   ADDRESS         REF BY
           =====                   =======         ======
           LpmReplaceSpm           0001E118 
    -------------------------------------------------------------------------
CODE
  Relative segment, address: CODE 0001E1CE - 0001E277 (0xaa bytes), align: 1
  Segment part 15.
           ENTRY                   ADDRESS         REF BY
           =====                   =======         ======
           WriteFlashByte          0001E1CE        main (Self_programming_main)
               calls direct
    -------------------------------------------------------------------------
CODE
  Relative segment, address: CODE 0001E278 - 0001E34B (0xd4 bytes), align: 1
  Segment part 16.
           ENTRY                   ADDRESS         REF BY
           =====                   =======         ======
           WriteFlashPage          0001E278        main (Self_programming_main)
               calls direct
    -------------------------------------------------------------------------
CODE
  Relative segment, address: CODE 0001E34C - 0001E3A3 (0x58 bytes), align: 1
  Segment part 17.
           ENTRY                   ADDRESS         REF BY
           =====                   =======         ======
           RecoverFlash            0001E34C        main (Self_programming_main)
               calls direct
    -------------------------------------------------------------------------
CODE
  Relative segment, address: CODE 0001E3A4 - 0001E3CB (0x28 bytes), align: 1
  Segment part 18.            Intra module refs:   WriteFlashByte
                                                   WriteFlashPage
           ENTRY                   ADDRESS         REF BY
           =====                   =======         ======
           AddressCheck            0001E3A4 
    -------------------------------------------------------------------------
ABSOLUTE
  Relative segment, address: DATA 0000001C, align: 0
  Segment part 4. ROOT 
           ENTRY                   ADDRESS         REF BY
           =====                   =======         ======
           __?EECR                 0000001C        ?eeget16 (?EEPROM_16)
                                                   ?eeput16 (?EEPROM_16)
                                                   ?eewait (?EEPROM_16)
    -------------------------------------------------------------------------
ABSOLUTE
  Relative segment, address: DATA 0000001D, align: 0
  Segment part 5. ROOT 
           ENTRY                   ADDRESS         REF BY
           =====                   =======         ======
           __?EEDR                 0000001D        __eeget16_16 (?EEPROM_16)
                                                   __eeget8_16 (?EEPROM_16)
                                                   __eeput16_16 (?EEPROM_16)
                                                   __eeput8_16 (?EEPROM_16)
    -------------------------------------------------------------------------
ABSOLUTE
  Relative segment, address: DATA 0000001E, align: 0
  Segment part 6. ROOT 
           ENTRY                   ADDRESS         REF BY
           =====                   =======         ======
           __?EEARL                0000001E        ?eeget16 (?EEPROM_16)
                                                   ?eeput16 (?EEPROM_16)
    -------------------------------------------------------------------------
ABSOLUTE
  Relative segment, address: DATA 0000001F, align: 0
  Segment part 7. ROOT 
           ENTRY                   ADDRESS         REF BY
           =====                   =======         ======
           __?EEARH                0000001F        ?eeget16 (?EEPROM_16)
                                                   ?eeput16 (?EEPROM_16)

    *************************************************************************

  FILE NAME : C:\Firmware\cvavr312\EXAMPLES\AVR106\Debug\Obj\Self_programming_main.r90
  PROGRAM MODULE, NAME : Self_programming_main

  SEGMENTS IN THE MODULE
  ======================
ABSOLUTE
  Relative segment, address: DATA 00000055 - 00000055 (0x1 bytes), align: 0
  Segment part 1. ROOT        Intra module refs:   main
           ENTRY                   ADDRESS         REF BY
           =====                   =======         ======
           _A_MCUCR                00000055 
           LOCAL                   ADDRESS         
           =====                   =======         
           MCUCR                   00000055 
    -------------------------------------------------------------------------
CODE
  Relative segment, address: CODE 0001E3CC - 0001E435 (0x6a bytes), align: 1
  Segment part 10.
           ENTRY                   ADDRESS         REF BY
           =====                   =======         ======
           main                    0001E3CC        ?cstartup_call_main (?C_STARTUP)
               calls direct
    -------------------------------------------------------------------------
NEAR_Z
  Relative segment, address: DATA 00000100 - 00000100 (0x1 bytes), align: 0
  Segment part 8.             Intra module refs:   main
           LOCAL                   ADDRESS         
           =====                   =======         
           main::testChar          00000100 
    -------------------------------------------------------------------------
INITTAB
  Relative segment, address: CODE 0001E57C - 0001E582 (0x7 bytes), align: 0
  Segment part 9.             Intra module refs:   main::testChar
           ENTRY                   ADDRESS         REF BY
           =====                   =======         ======
           ?<Segment init: NEAR_Z>
                                   0001E57C 

    *************************************************************************

  FILE NAME : C:\Program Files (x86)\IAR Systems\Embedded Workbench 8.0\avr\LIB\DLIB\dlAVR-3s-ec_mul-n.r90
  LIBRARY MODULE, NAME : ?__dbg_break

  SEGMENTS IN THE MODULE
  ======================
CODE
  Relative segment, address: CODE 0001E436 - 0001E437 (0x2 bytes), align: 1
  Segment part 3.
           ENTRY                   ADDRESS         REF BY
           =====                   =======         ======
           __DebugBreak            0001E436        __exit (?__exit)

    -------------------------------------------------------------------------
  LIBRARY MODULE, NAME : ?__exit

  SEGMENTS IN THE MODULE
  ======================
CODE
  Relative segment, address: CODE 0001E438 - 0001E44D (0x16 bytes), align: 1
  Segment part 3.
           ENTRY                   ADDRESS         REF BY
           =====                   =======         ======
           __exit                  0001E438        Segment part 5 (?_exit)
               calls direct

    -------------------------------------------------------------------------
  LIBRARY MODULE, NAME : ?_exit

  SEGMENTS IN THE MODULE
  ======================
CODE
  Relative segment, address: CODE 0001E44E, align: 1
  Segment part 0.
           ENTRY                   ADDRESS         REF BY
           =====                   =======         ======
           _exit                   0001E44E        ?cstartup_call_main (?C_STARTUP)
                                                   exit (?exit)
    -------------------------------------------------------------------------
CODE
  Relative segment, address: CODE 0001E44E - 0001E451 (0x4 bytes), align: 1
  Segment part 5.             Intra module refs:   _exit

    -------------------------------------------------------------------------
  LIBRARY MODULE, NAME : ?RESET

  SEGMENTS IN THE MODULE
  ======================
INTVEC
  Common segment, address: CODE 0001E000 - 0001E003 (0x4 bytes), align: 1
  Segment part 0. ROOT 
           ENTRY                   ADDRESS         REF BY
           =====                   =======         ======
           ?RESET                  0001E000        Segment part 2 (?C_STARTUP)

    -------------------------------------------------------------------------
  LIBRARY MODULE, NAME : ?C_STARTUP

  SEGMENTS IN THE MODULE
  ======================
CODE
  Relative segment, address: CODE 0001E452, align: 1
  Segment part 2.
           ENTRY                   ADDRESS         REF BY
           =====                   =======         ======
           __program_start         0001E452        Absolute parts (?ABS_ENTRY_MOD)
           ?C_STARTUP              0001E452        ?RESET (?RESET)
           __RESTART               0001E452 
    -------------------------------------------------------------------------
CODE
  Relative segment, address: CODE 0001E452 - 0001E45D (0xc bytes), align: 1
  Segment part 5.             Intra module refs:   Segment part 2
    -------------------------------------------------------------------------
CODE
  Relative segment, address: CODE 0001E45E - 0001E461 (0x4 bytes), align: 1
  Segment part 7.             Intra module refs:   Segment part 5
           ENTRY                   ADDRESS         REF BY
           =====                   =======         ======
           ?call_low_level_init    0001E45E 
    -------------------------------------------------------------------------
CODE
  Relative segment, address: CODE 0001E462 - 0001E469 (0x8 bytes), align: 1
  Segment part 8.
           ENTRY                   ADDRESS         REF BY
           =====                   =======         ======
           ?need_segment_init      0001E462        ?<Segment init: NEAR_Z> (Self_programming_main)
    -------------------------------------------------------------------------
CODE
  Relative segment, address: CODE 0001E46A - 0001E475 (0xc bytes), align: 1
  Segment part 11.            Intra module refs:   ?call_low_level_init
           ENTRY                   ADDRESS         REF BY
           =====                   =======         ======
           ?cstartup_call_main     0001E46A 

    -------------------------------------------------------------------------
  LIBRARY MODULE, NAME : ?EEPROM_16

  SEGMENTS IN THE MODULE
  ======================
CODE
  Relative segment, address: CODE 0001E476 - 0001E47B (0x6 bytes), align: 1
  Segment part 0.             Intra module refs:   ?eeget16
                                                   __eeput16_16
                                                   __eeput8_16
           LOCAL                   ADDRESS         
           =====                   =======         
           ?eewait                 0001E476 
    -------------------------------------------------------------------------
CODE
  Relative segment, address: CODE 0001E47C - 0001E47F (0x4 bytes), align: 1
  Segment part 1.             Intra module refs:   __eeget16_16
           LOCAL                   ADDRESS         
           =====                   =======         
           ?eeget16_inc            0001E47C 
    -------------------------------------------------------------------------
CODE
  Relative segment, address: CODE 0001E480 - 0001E489 (0xa bytes), align: 1
  Segment part 2.             Intra module refs:   ?eeget16_inc
                                                   __eeget16_16
                                                   __eeget8_16
           LOCAL                   ADDRESS         
           =====                   =======         
           ?eeget16                0001E480 
    -------------------------------------------------------------------------
CODE
  Relative segment, address: CODE 0001E48A - 0001E48F (0x6 bytes), align: 1
  Segment part 5.
           ENTRY                   ADDRESS         REF BY
           =====                   =======         ======
           __eeget8_16             0001E48A        RecoverFlash (Self_programming)
    -------------------------------------------------------------------------
CODE
  Relative segment, address: CODE 0001E490 - 0001E499 (0xa bytes), align: 1
  Segment part 6.
           ENTRY                   ADDRESS         REF BY
           =====                   =======         ======
           __eeget16_16            0001E490        RecoverFlash (Self_programming)
    -------------------------------------------------------------------------
CODE
  Relative segment, address: CODE 0001E49A - 0001E49D (0x4 bytes), align: 1
  Segment part 10.            Intra module refs:   __eeput16_16
           LOCAL                   ADDRESS         
           =====                   =======         
           ?eeput16_inc            0001E49A 
    -------------------------------------------------------------------------
CODE
  Relative segment, address: CODE 0001E49E - 0001E4AB (0xe bytes), align: 1
  Segment part 11.            Intra module refs:   ?eeput16_inc
                                                   __eeput16_16
                                                   __eeput8_16
           LOCAL                   ADDRESS         
           =====                   =======         
           ?eeput16                0001E49E 
    -------------------------------------------------------------------------
CODE
  Relative segment, address: CODE 0001E4AC - 0001E4B3 (0x8 bytes), align: 1
  Segment part 14.
           ENTRY                   ADDRESS         REF BY
           =====                   =======         ======
           __eeput8_16             0001E4AC        RecoverFlash (Self_programming)
                                                   WriteFlashByte (Self_programming)
                                                   WriteFlashPage (Self_programming)
    -------------------------------------------------------------------------
CODE
  Relative segment, address: CODE 0001E4B4 - 0001E4C1 (0xe bytes), align: 1
  Segment part 15.
           ENTRY                   ADDRESS         REF BY
           =====                   =======         ======
           __eeput16_16            0001E4B4        WriteFlashByte (Self_programming)
                                                   WriteFlashPage (Self_programming)

    -------------------------------------------------------------------------
  LIBRARY MODULE, NAME : ?exit

  SEGMENTS IN THE MODULE
  ======================
CODE
  Relative segment, address: CODE 0001E4C2 - 0001E4C5 (0x4 bytes), align: 1
  Segment part 3.
           ENTRY                   ADDRESS         REF BY
           =====                   =======         ======
           exit                    0001E4C2        ?cstartup_call_main (?C_STARTUP)
               calls direct

    -------------------------------------------------------------------------
  LIBRARY MODULE, NAME : ?PROLOGUE_L09

  SEGMENTS IN THE MODULE
  ======================
CODE
  Relative segment, address: CODE 0001E4C6 - 0001E4C7 (0x2 bytes), align: 1
  Segment part 4.
           ENTRY                   ADDRESS         REF BY
           =====                   =======         ======
           ?PROLOGUE12_L09         0001E4C6        LpmReplaceSpm (Self_programming)
    -------------------------------------------------------------------------
CODE
  Relative segment, address: CODE 0001E4C8 - 0001E4C9 (0x2 bytes), align: 1
  Segment part 5.             Intra module refs:   ?PROLOGUE12_L09
           ENTRY                   ADDRESS         REF BY
           =====                   =======         ======
           ?PROLOGUE11_L09         0001E4C8 
    -------------------------------------------------------------------------
CODE
  Relative segment, address: CODE 0001E4CA - 0001E4CB (0x2 bytes), align: 1
  Segment part 6.             Intra module refs:   ?PROLOGUE11_L09
           ENTRY                   ADDRESS         REF BY
           =====                   =======         ======
           ?PROLOGUE10_L09         0001E4CA        WriteFlashByte (Self_programming)
    -------------------------------------------------------------------------
CODE
  Relative segment, address: CODE 0001E4CC - 0001E4CD (0x2 bytes), align: 1
  Segment part 7.             Intra module refs:   ?PROLOGUE10_L09
           ENTRY                   ADDRESS         REF BY
           =====                   =======         ======
           ?PROLOGUE9_L09          0001E4CC 
    -------------------------------------------------------------------------
CODE
  Relative segment, address: CODE 0001E4CE - 0001E4CF (0x2 bytes), align: 1
  Segment part 8.             Intra module refs:   ?PROLOGUE9_L09
           ENTRY                   ADDRESS         REF BY
           =====                   =======         ======
           ?PROLOGUE8_L09          0001E4CE        WriteFlashPage (Self_programming)
    -------------------------------------------------------------------------
CODE
  Relative segment, address: CODE 0001E4D0 - 0001E4D1 (0x2 bytes), align: 1
  Segment part 9.             Intra module refs:   ?PROLOGUE8_L09
           ENTRY                   ADDRESS         REF BY
           =====                   =======         ======
           ?PROLOGUE7_L09          0001E4D0 
    -------------------------------------------------------------------------
CODE
  Relative segment, address: CODE 0001E4D2 - 0001E4D3 (0x2 bytes), align: 1
  Segment part 10.            Intra module refs:   ?PROLOGUE7_L09
           ENTRY                   ADDRESS         REF BY
           =====                   =======         ======
           ?PROLOGUE6_L09          0001E4D2 
    -------------------------------------------------------------------------
CODE
  Relative segment, address: CODE 0001E4D4 - 0001E4D5 (0x2 bytes), align: 1
  Segment part 11.            Intra module refs:   ?PROLOGUE6_L09
           ENTRY                   ADDRESS         REF BY
           =====                   =======         ======
           ?PROLOGUE5_L09          0001E4D4 
    -------------------------------------------------------------------------
CODE
  Relative segment, address: CODE 0001E4D6 - 0001E4D7 (0x2 bytes), align: 1
  Segment part 12.            Intra module refs:   ?PROLOGUE5_L09
           ENTRY                   ADDRESS         REF BY
           =====                   =======         ======
           ?PROLOGUE4_L09          0001E4D6        ReadFlashPage (Self_programming)
    -------------------------------------------------------------------------
CODE
  Relative segment, address: CODE 0001E4D8 - 0001E4D9 (0x2 bytes), align: 1
  Segment part 13.            Intra module refs:   ?PROLOGUE4_L09
           ENTRY                   ADDRESS         REF BY
           =====                   =======         ======
           ?PROLOGUE3_L09          0001E4D8 
    -------------------------------------------------------------------------
CODE
  Relative segment, address: CODE 0001E4DA - 0001E4DB (0x2 bytes), align: 1
  Segment part 14.            Intra module refs:   ?PROLOGUE3_L09
           ENTRY                   ADDRESS         REF BY
           =====                   =======         ======
           ?PROLOGUE2_L09          0001E4DA 
    -------------------------------------------------------------------------
CODE
  Relative segment, address: CODE 0001E4DC - 0001E4DD (0x2 bytes), align: 1
  Segment part 15.            Intra module refs:   ?PROLOGUE2_L09
           ENTRY                   ADDRESS         REF BY
           =====                   =======         ======
           ?PROLOGUE1_L09          0001E4DC 
    -------------------------------------------------------------------------
CODE
  Relative segment, address: CODE 0001E4DE - 0001E4DF (0x2 bytes), align: 1
  Segment part 16.            Intra module refs:   ?PROLOGUE1_L09

    -------------------------------------------------------------------------
  LIBRARY MODULE, NAME : ?EPILOGUE_B_L09

  SEGMENTS IN THE MODULE
  ======================
CODE
  Relative segment, address: CODE 0001E4E0 - 0001E4E1 (0x2 bytes), align: 1
  Segment part 4.
           ENTRY                   ADDRESS         REF BY
           =====                   =======         ======
           ?EPILOGUE_B12_L09       0001E4E0        LpmReplaceSpm (Self_programming)
    -------------------------------------------------------------------------
CODE
  Relative segment, address: CODE 0001E4E2 - 0001E4E3 (0x2 bytes), align: 1
  Segment part 5.             Intra module refs:   ?EPILOGUE_B12_L09
           ENTRY                   ADDRESS         REF BY
           =====                   =======         ======
           ?EPILOGUE_B11_L09       0001E4E2 
    -------------------------------------------------------------------------
CODE
  Relative segment, address: CODE 0001E4E4 - 0001E4E5 (0x2 bytes), align: 1
  Segment part 6.             Intra module refs:   ?EPILOGUE_B11_L09
           ENTRY                   ADDRESS         REF BY
           =====                   =======         ======
           ?EPILOGUE_B10_L09       0001E4E4        WriteFlashByte (Self_programming)
    -------------------------------------------------------------------------
CODE
  Relative segment, address: CODE 0001E4E6 - 0001E4E7 (0x2 bytes), align: 1
  Segment part 7.             Intra module refs:   ?EPILOGUE_B10_L09
           ENTRY                   ADDRESS         REF BY
           =====                   =======         ======
           ?EPILOGUE_B9_L09        0001E4E6 
    -------------------------------------------------------------------------
CODE
  Relative segment, address: CODE 0001E4E8 - 0001E4E9 (0x2 bytes), align: 1
  Segment part 8.             Intra module refs:   ?EPILOGUE_B9_L09
           ENTRY                   ADDRESS         REF BY
           =====                   =======         ======
           ?EPILOGUE_B8_L09        0001E4E8        WriteFlashPage (Self_programming)
    -------------------------------------------------------------------------
CODE
  Relative segment, address: CODE 0001E4EA - 0001E4EB (0x2 bytes), align: 1
  Segment part 9.             Intra module refs:   ?EPILOGUE_B8_L09
           ENTRY                   ADDRESS         REF BY
           =====                   =======         ======
           ?EPILOGUE_B7_L09        0001E4EA 
    -------------------------------------------------------------------------
CODE
  Relative segment, address: CODE 0001E4EC - 0001E4ED (0x2 bytes), align: 1
  Segment part 10.            Intra module refs:   ?EPILOGUE_B7_L09
           ENTRY                   ADDRESS         REF BY
           =====                   =======         ======
           ?EPILOGUE_B6_L09        0001E4EC 
    -------------------------------------------------------------------------
CODE
  Relative segment, address: CODE 0001E4EE - 0001E4EF (0x2 bytes), align: 1
  Segment part 11.            Intra module refs:   ?EPILOGUE_B6_L09
           ENTRY                   ADDRESS         REF BY
           =====                   =======         ======
           ?EPILOGUE_B5_L09        0001E4EE 
    -------------------------------------------------------------------------
CODE
  Relative segment, address: CODE 0001E4F0 - 0001E4F1 (0x2 bytes), align: 1
  Segment part 12.            Intra module refs:   ?EPILOGUE_B5_L09
           ENTRY                   ADDRESS         REF BY
           =====                   =======         ======
           ?EPILOGUE_B4_L09        0001E4F0        ReadFlashPage (Self_programming)
    -------------------------------------------------------------------------
CODE
  Relative segment, address: CODE 0001E4F2 - 0001E4F3 (0x2 bytes), align: 1
  Segment part 13.            Intra module refs:   ?EPILOGUE_B4_L09
           ENTRY                   ADDRESS         REF BY
           =====                   =======         ======
           ?EPILOGUE_B3_L09        0001E4F2 
    -------------------------------------------------------------------------
CODE
  Relative segment, address: CODE 0001E4F4 - 0001E4F5 (0x2 bytes), align: 1
  Segment part 14.            Intra module refs:   ?EPILOGUE_B3_L09
           ENTRY                   ADDRESS         REF BY
           =====                   =======         ======
           ?EPILOGUE_B2_L09        0001E4F4 
    -------------------------------------------------------------------------
CODE
  Relative segment, address: CODE 0001E4F6 - 0001E4F7 (0x2 bytes), align: 1
  Segment part 15.            Intra module refs:   ?EPILOGUE_B2_L09
           ENTRY                   ADDRESS         REF BY
           =====                   =======         ======
           ?EPILOGUE_B1_L09        0001E4F6 
    -------------------------------------------------------------------------
CODE
  Relative segment, address: CODE 0001E4F8 - 0001E501 (0xa bytes), align: 1
  Segment part 16.            Intra module refs:   ?EPILOGUE_B1_L09
           ENTRY                   ADDRESS         REF BY
           =====                   =======         ======
           ?EPILOGUE_B0_L09        0001E4F8 

    -------------------------------------------------------------------------
  LIBRARY MODULE, NAME : ?REGISTER_CGREGR4_L10

  SEGMENTS IN THE MODULE
  ======================
CODE
  Relative segment, address: CODE 0001E502, align: 1
  Segment part 0.
           ENTRY                   ADDRESS         REF BY
           =====                   =======         ======
           ?Register_R4_is_cg_reg
                                   0001E502        LpmReplaceSpm (Self_programming)
                                                   WriteFlashByte (Self_programming)
                                                   WriteFlashPage (Self_programming)

    -------------------------------------------------------------------------
  LIBRARY MODULE, NAME : ?REGISTER_CGREGR5_L10

  SEGMENTS IN THE MODULE
  ======================
CODE
  Relative segment, address: CODE 0001E502, align: 1
  Segment part 0.
           ENTRY                   ADDRESS         REF BY
           =====                   =======         ======
           ?Register_R5_is_cg_reg
                                   0001E502        LpmReplaceSpm (Self_programming)
                                                   WriteFlashByte (Self_programming)
                                                   WriteFlashPage (Self_programming)

    -------------------------------------------------------------------------
  LIBRARY MODULE, NAME : ?REGISTER_CGREGR6_L10

  SEGMENTS IN THE MODULE
  ======================
CODE
  Relative segment, address: CODE 0001E502, align: 1
  Segment part 0.
           ENTRY                   ADDRESS         REF BY
           =====                   =======         ======
           ?Register_R6_is_cg_reg
                                   0001E502        LpmReplaceSpm (Self_programming)
                                                   WriteFlashByte (Self_programming)
                                                   WriteFlashPage (Self_programming)

    -------------------------------------------------------------------------
  LIBRARY MODULE, NAME : ?REGISTER_CGREGR7_L10

  SEGMENTS IN THE MODULE
  ======================
CODE
  Relative segment, address: CODE 0001E502, align: 1
  Segment part 0.
           ENTRY                   ADDRESS         REF BY
           =====                   =======         ======
           ?Register_R7_is_cg_reg
                                   0001E502        LpmReplaceSpm (Self_programming)
                                                   WriteFlashByte (Self_programming)
                                                   WriteFlashPage (Self_programming)

    -------------------------------------------------------------------------
  LIBRARY MODULE, NAME : ?REGISTER_CGREGR8_L10

  SEGMENTS IN THE MODULE
  ======================
CODE
  Relative segment, address: CODE 0001E502, align: 1
  Segment part 0.
           ENTRY                   ADDRESS         REF BY
           =====                   =======         ======
           ?Register_R8_is_cg_reg
                                   0001E502        LpmReplaceSpm (Self_programming)
                                                   WriteFlashByte (Self_programming)

    -------------------------------------------------------------------------
  LIBRARY MODULE, NAME : ?REGISTER_CGREGR9_L10

  SEGMENTS IN THE MODULE
  ======================
CODE
  Relative segment, address: CODE 0001E502, align: 1
  Segment part 0.
           ENTRY                   ADDRESS         REF BY
           =====                   =======         ======
           ?Register_R9_is_cg_reg
                                   0001E502        LpmReplaceSpm (Self_programming)
                                                   WriteFlashByte (Self_programming)

    -------------------------------------------------------------------------
  LIBRARY MODULE, NAME : ?REGISTER_CGREGR10_L10

  SEGMENTS IN THE MODULE
  ======================
CODE
  Relative segment, address: CODE 0001E502, align: 1
  Segment part 0.
           ENTRY                   ADDRESS         REF BY
           =====                   =======         ======
           ?Register_R10_is_cg_reg
                                   0001E502        LpmReplaceSpm (Self_programming)

    -------------------------------------------------------------------------
  LIBRARY MODULE, NAME : ?REGISTER_CGREGR11_L10

  SEGMENTS IN THE MODULE
  ======================
CODE
  Relative segment, address: CODE 0001E502, align: 1
  Segment part 0.
           ENTRY                   ADDRESS         REF BY
           =====                   =======         ======
           ?Register_R11_is_cg_reg
                                   0001E502        LpmReplaceSpm (Self_programming)

    -------------------------------------------------------------------------
  LIBRARY MODULE, NAME : ?low_level_init

  SEGMENTS IN THE MODULE
  ======================
CODE
  Relative segment, address: CODE 0001E502 - 0001E505 (0x4 bytes), align: 1
  Segment part 3.
           ENTRY                   ADDRESS         REF BY
           =====                   =======         ======
           __low_level_init        0001E502        ?call_low_level_init (?C_STARTUP)

    -------------------------------------------------------------------------
  LIBRARY MODULE, NAME : ?segment_init

  SEGMENTS IN THE MODULE
  ======================
CODE
  Relative segment, address: CODE 0001E506 - 0001E511 (0xc bytes), align: 1
  Segment part 3.             Intra module refs:   __segment_init
           LOCAL                   ADDRESS         
           =====                   =======         
           __memclr                0001E506 
    -------------------------------------------------------------------------
CODE
  Relative segment, address: CODE 0001E512 - 0001E525 (0x14 bytes), align: 1
  Segment part 4.             Intra module refs:   __segment_init
           LOCAL                   ADDRESS         
           =====                   =======         
           __flashcpy              0001E512 
    -------------------------------------------------------------------------
CODE
  Relative segment, address: CODE 0001E526 - 0001E57B (0x56 bytes), align: 1
  Segment part 5.
           ENTRY                   ADDRESS         REF BY
           =====                   =======         ======
           __segment_init          0001E526        ?need_segment_init (?C_STARTUP)
               calls direct

    *************************************************************************

  DEFINED ABSOLUTE ENTRIES
  PROGRAM MODULE, NAME : ?FILLER_BYTES

  SEGMENTS IN THE MODULE
  ======================
INTVEC
  Common segment, address: CODE 0001E000 - 0001E003 (0x4 bytes), align: 0
  Segment part 1.
    -------------------------------------------------------------------------
?FILL1
  Relative segment, address: CODE 0001E004 - 0001E08B (0x88 bytes), align: 0
  Segment part 0.




                ****************************************
                *                                      *
                *      SEGMENTS IN ADDRESS ORDER       *
                *                                      *
                ****************************************


SEGMENT              SPACE    START ADDRESS   END ADDRESS     SIZE  TYPE  ALIGN
=======              =====    =============   ===========     ====  ====  =====
INTVEC               CODE          0001E000 - 0001E003           4   com    1
?FILL1               CODE          0001E004 - 0001E08B          88   rel    0
CODE                 CODE          0001E08C - 0001E57B         4F0   rel    1
HUGE_F               CODE               0001E57C                     dse    0
INITTAB              CODE          0001E57C - 0001E582           7   rel    0
ABSOLUTE             DATA               0000001C                     rel    0
                     DATA               0000001D                   
                     DATA               0000001E                   
                     DATA               0000001F                   
                     DATA          0000003C - 0000003C           1 
                     DATA          00000055 - 00000055           1 
                     DATA          0000005B - 0000005B           1 
                     DATA          00000068 - 00000068           1 
NEAR_I               DATA               00000100                     dse    0
NEAR_Z               DATA          00000100 - 00000100           1   rel    0
RSTACK               DATA          00000101 - 00000140          40   dse    0
CSTACK               DATA          00000141 - 00000440         300   dse    0
EEPROM_I             XDATA         00000000 - 00000002           3   rel    0

                ****************************************
                *                                      *
                *        END OF CROSS REFERENCE        *
                *                                      *
                ****************************************

 1 275 bytes of CODE  memory (+            136 range fill )
   833 bytes of DATA  memory (+ 4 absolute )
     3 bytes of XDATA memory

Errors: none
Warnings: none

